// Jest Snapshot v1, https://goo.gl/fbAQLP

exports[`Pruebas en <Priemrapp /> Debe de mostrar <PrimeraApp/> correctamente" 1`] = `
<Fragment>
  <h1>
    Hola soy pedrito
  </h1>
  <p>
    Soy un subtitulo
  </p>
</Fragment>
`;
