// Jest Snapshot v1, https://goo.gl/fbAQLP

exports[`Pruebas en <GifGrid /> Debe de mostrar items cuando se cargan im√°genes 1`] = `
<Fragment>
  <h3>
    One Punch
  </h3>
  <div
    className="card-grid"
  >
    <GifGridItem
      id="ABC"
      key="ABC"
      title="Cualquier cosa"
      url="https://localhost/cualquiercosa.jpg"
    />
    <GifGridItem
      id="ABCD"
      key="ABCD"
      title="Cualquier cosa 2"
      url="https://localhost/cualquiercosa2.jpg"
    />
  </div>
</Fragment>
`;

exports[`Pruebas en <GifGrid /> Debe de mostrarse correctamente 1`] = `
<Fragment>
  <h3>
    One Punch
  </h3>
  Loading
  <div
    className="card-grid"
  />
</Fragment>
`;
